// Jest Snapshot v1, https://goo.gl/fbAQLP

exports[`cli should not override config with cli defaults 1`] = `
"import React from 'react'

const File = () => <svg viewBox=\\"0 0 48 1\\" version={1.1} xmlnsXlink=\\"http://www.w3.org/1999/xlink\\">
  <title>
    Rectangle 5
  </title>
  <desc>
    Created with Sketch.
  </desc>
  <defs />
  <g id=\\"Page-1\\" stroke=\\"none\\" strokeWidth={1} fill=\\"none\\" fillRule=\\"evenodd\\">
    <g id=\\"19-Separator\\" transform=\\"translate(-129.000000, -156.000000)\\" fill=\\"#063855\\">
      <g id=\\"Controls/Settings\\" transform=\\"translate(80.000000, 0.000000)\\">
        <g id=\\"Content\\" transform=\\"translate(0.000000, 64.000000)\\">
          <g id=\\"Group\\" transform=\\"translate(24.000000, 56.000000)\\">
            <g id=\\"Group-2\\">
              <rect id=\\"Rectangle-5\\" x={25} y={36} width={48} height={1} />
            </g>
          </g>
        </g>
      </g>
    </g>
  </g>
</svg>


export default File
"
`;

exports[`cli should support --prettier-config as file 1`] = `
"import React from 'react'

const File = props => (
     <svg width={48} height={1} {...props}>
          <path d=\\"M0 0h48v1H0z\\" fill=\\"#063855\\" fillRule=\\"evenodd\\" />
     </svg>
)

export default File

"
`;

exports[`cli should support --prettier-config as json 1`] = `
"import React from 'react'

const File = props => (
     <svg width={48} height={1} {...props}>
          <path d=\\"M0 0h48v1H0z\\" fill=\\"#063855\\" fillRule=\\"evenodd\\" />
     </svg>
)

export default File

"
`;

exports[`cli should support --svgo-config as file 1`] = `
"import React from 'react'

const File = props => (
  <svg width={48} height={1} {...props}>
    <title>Rectangle 5</title>
    <path d=\\"M0 0h48v1H0z\\" fill=\\"#063855\\" fillRule=\\"evenodd\\" />
  </svg>
)

export default File

"
`;

exports[`cli should support --svgo-config as json 1`] = `
"import React from 'react'

const File = props => (
  <svg width={48} height={1} {...props}>
    <title>Rectangle 5</title>
    <path d=\\"M0 0h48v1H0z\\" fill=\\"#063855\\" fillRule=\\"evenodd\\" />
  </svg>
)

export default File

"
`;

exports[`cli should support custom file extension 1`] = `
Array [
  "File.ts",
]
`;

exports[`cli should support different filename cases with directory output 1`] = `
Array [
  "CamelCase.js",
  "KebabCase.js",
  "MultipleDashes.js",
  "PascalCase.js",
]
`;

exports[`cli should support different filename cases with directory output: --filename-case=camel 1`] = `
Array [
  "camelCase.js",
  "kebabCase.js",
  "multipleDashes.js",
  "pascalCase.js",
]
`;

exports[`cli should support different filename cases with directory output: --filename-case=kebab 1`] = `
Array [
  "camel-case.js",
  "kebab-case.js",
  "multiple-dashes.js",
  "pascal-case.js",
]
`;

exports[`cli should support different filename cases with directory output: --filename-case=pascal 1`] = `
Array [
  "CamelCase.js",
  "KebabCase.js",
  "MultipleDashes.js",
  "PascalCase.js",
]
`;

exports[`cli should support various args: --icon 1`] = `
"import React from 'react'

const File = props => (
  <svg viewBox=\\"0 0 48 1\\" width=\\"1em\\" height=\\"1em\\" {...props}>
    <path d=\\"M0 0h48v1H0z\\" fill=\\"#063855\\" fillRule=\\"evenodd\\" />
  </svg>
)

export default File

"
`;

exports[`cli should support various args: --native --icon 1`] = `
"import React from 'react'
import Svg, { Path } from 'react-native-svg'
const File = props => (
  <Svg viewBox=\\"0 0 48 1\\" width=\\"1em\\" height=\\"1em\\" {...props}>
    <Path d=\\"M0 0h48v1H0z\\" fill=\\"#063855\\" fillRule=\\"evenodd\\" />
  </Svg>
)

export default File

"
`;

exports[`cli should support various args: --native --no-expand-props 1`] = `
"import React from 'react'
import Svg, { Path } from 'react-native-svg'
const File = () => (
  <Svg width={48} height={1}>
    <Path d=\\"M0 0h48v1H0z\\" fill=\\"#063855\\" fillRule=\\"evenodd\\" />
  </Svg>
)

export default File

"
`;

exports[`cli should support various args: --native --ref 1`] = `
"import React from 'react'
import Svg, { Path } from 'react-native-svg'
const File = ({ svgRef, ...props }) => (
  <Svg width={48} height={1} ref={svgRef} {...props}>
    <Path d=\\"M0 0h48v1H0z\\" fill=\\"#063855\\" fillRule=\\"evenodd\\" />
  </Svg>
)

export default File

"
`;

exports[`cli should support various args: --native 1`] = `
"import React from 'react'
import Svg, { Path } from 'react-native-svg'
const File = props => (
  <Svg width={48} height={1} {...props}>
    <Path d=\\"M0 0h48v1H0z\\" fill=\\"#063855\\" fillRule=\\"evenodd\\" />
  </Svg>
)

export default File

"
`;

exports[`cli should support various args: --no-dimensions 1`] = `
"import React from 'react'

const File = props => (
  <svg {...props}>
    <path d=\\"M0 0h48v1H0z\\" fill=\\"#063855\\" fillRule=\\"evenodd\\" />
  </svg>
)

export default File

"
`;

exports[`cli should support various args: --no-expand-props 1`] = `
"import React from 'react'

const File = () => (
  <svg width={48} height={1}>
    <path d=\\"M0 0h48v1H0z\\" fill=\\"#063855\\" fillRule=\\"evenodd\\" />
  </svg>
)

export default File

"
`;

exports[`cli should support various args: --no-prettier 1`] = `
"import React from 'react'

const File = props => <svg width={48} height={1} {...props}>
  <path d=\\"M0 0h48v1H0z\\" fill=\\"#063855\\" fillRule=\\"evenodd\\" />
</svg>


export default File
"
`;

exports[`cli should support various args: --no-svgo 1`] = `
"import React from 'react'

const File = props => (
  <svg
    width=\\"48px\\"
    height=\\"1px\\"
    viewBox=\\"0 0 48 1\\"
    version={1.1}
    xmlnsXlink=\\"http://www.w3.org/1999/xlink\\"
    {...props}
  >
    <title>Rectangle 5</title>
    <desc>Created with Sketch.</desc>
    <defs />
    <g id=\\"Page-1\\" stroke=\\"none\\" strokeWidth={1} fill=\\"none\\" fillRule=\\"evenodd\\">
      <g
        id=\\"19-Separator\\"
        transform=\\"translate(-129.000000, -156.000000)\\"
        fill=\\"#063855\\"
      >
        <g id=\\"Controls/Settings\\" transform=\\"translate(80.000000, 0.000000)\\">
          <g id=\\"Content\\" transform=\\"translate(0.000000, 64.000000)\\">
            <g id=\\"Group\\" transform=\\"translate(24.000000, 56.000000)\\">
              <g id=\\"Group-2\\">
                <rect id=\\"Rectangle-5\\" x={25} y={36} width={48} height={1} />
              </g>
            </g>
          </g>
        </g>
      </g>
    </g>
  </svg>
)

export default File

"
`;

exports[`cli should support various args: --ref 1`] = `
"import React from 'react'

const File = ({ svgRef, ...props }) => (
  <svg width={48} height={1} ref={svgRef} {...props}>
    <path d=\\"M0 0h48v1H0z\\" fill=\\"#063855\\" fillRule=\\"evenodd\\" />
  </svg>
)

export default File

"
`;

exports[`cli should support various args: --replace-attr-values "#063855=currentColor" 1`] = `
"import React from 'react'

const File = props => (
  <svg width={48} height={1} {...props}>
    <path d=\\"M0 0h48v1H0z\\" fill=\\"currentColor\\" fillRule=\\"evenodd\\" />
  </svg>
)

export default File

"
`;

exports[`cli should support various args: --svg-attributes "focusable=false" 1`] = `
"import React from 'react'

const File = props => (
  <svg focusable=\\"false\\" width={48} height={1} {...props}>
    <path d=\\"M0 0h48v1H0z\\" fill=\\"#063855\\" fillRule=\\"evenodd\\" />
  </svg>
)

export default File

"
`;

exports[`cli should support various args: --svg-props "hidden={true}" 1`] = `
"import React from 'react'

const File = props => (
  <svg hidden={true} width={48} height={1} {...props}>
    <path d=\\"M0 0h48v1H0z\\" fill=\\"#063855\\" fillRule=\\"evenodd\\" />
  </svg>
)

export default File

"
`;

exports[`cli should support various args: --title-prop 1`] = `
"import React from 'react'

const File = ({ title, ...props }) => (
  <svg width={48} height={1} {...props}>
    <title>{title}</title>
    <path d=\\"M0 0h48v1H0z\\" fill=\\"#063855\\" fillRule=\\"evenodd\\" />
  </svg>
)

export default File

"
`;

exports[`cli should work with a simple file 1`] = `
"import React from 'react'

const File = props => (
  <svg width={48} height={1} {...props}>
    <path d=\\"M0 0h48v1H0z\\" fill=\\"#063855\\" fillRule=\\"evenodd\\" />
  </svg>
)

export default File

"
`;

exports[`cli should work with stdin 1`] = `
"import React from 'react'

const SvgComponent = props => (
  <svg width={48} height={1} {...props}>
    <path d=\\"M0 0h48v1H0z\\" fill=\\"#063855\\" fillRule=\\"evenodd\\" />
  </svg>
)

export default SvgComponent

"
`;
