// Jest Snapshot v1, https://goo.gl/fbAQLP

exports[`util #convertFile should convert a file 1`] = `
"import * as React from 'react'

function SvgFile(props) {
  return (
    <svg width={48} height={1} {...props}>
      <path d=\\"M0 0h48v1H0z\\" fill=\\"#063855\\" fillRule=\\"evenodd\\" />
    </svg>
  )
}

export default SvgFile
"
`;

exports[`util #convertFile should support a custom config path 1`] = `
"import * as React from 'react'

function SvgFile(props) {
  return (
    <svg width=\\"1em\\" height=\\"1em\\" viewBox=\\"0 0 48 1\\" {...props}>
      <path d=\\"M0 0h48v1H0z\\" fill=\\"#063855\\" fillRule=\\"evenodd\\" />
    </svg>
  )
}

export default SvgFile
"
`;
