// Jest Snapshot v1, https://goo.gl/fbAQLP

exports[`svgo does not load runtime configuration with \`runtimeConfig: false\` 1`] = `"<svg xmlns="http://www.w3.org/2000/svg" width="88" height="88"><style>.svgo__shape{fill:red}</style><g id="svgo__Blocks" fill="none" fill-rule="evenodd" stroke="none" stroke-linecap="square" stroke-width="1" class="svgo__blocks"><g id="svgo__Dismiss" stroke="#063855" stroke-width="2"><path id="svgo__Shape" d="M51 37 37 51" class="svgo__shape"/><path d="M51 51 37 37" class="svgo__shape"/></g></g></svg>"`;

exports[`svgo does not remove viewBox with \`icon\` option 1`] = `"<svg xmlns="http://www.w3.org/2000/svg" width="88" height="88" viewBox="0 0 88 88"><style>.prefix__shape{fill:red}</style><g id="prefix__Blocks" fill="none" fill-rule="evenodd" stroke="none" stroke-linecap="square" stroke-width="1" class="prefix__blocks"><g id="prefix__Dismiss" stroke="#063855" stroke-width="2"><path id="prefix__Shape" d="M51 37 37 51" class="prefix__shape"/><path d="M51 51 37 37" class="prefix__shape"/></g></g></svg>"`;

exports[`svgo does not remove viewBox with when \`dimensions\` is false 1`] = `"<svg xmlns="http://www.w3.org/2000/svg" width="88" height="88" viewBox="0 0 88 88"><style>.prefix__shape{fill:red}</style><g id="prefix__Blocks" fill="none" fill-rule="evenodd" stroke="none" stroke-linecap="square" stroke-width="1" class="prefix__blocks"><g id="prefix__Dismiss" stroke="#063855" stroke-width="2"><path id="prefix__Shape" d="M51 37 37 51" class="prefix__shape"/><path d="M51 51 37 37" class="prefix__shape"/></g></g></svg>"`;

exports[`svgo does remove style when \`native\` is true 1`] = `"<svg xmlns="http://www.w3.org/2000/svg" width="88" height="88"><g fill="none" fill-rule="evenodd" stroke="#063855" stroke-linecap="square" stroke-width="2" class="prefix__blocks"><path d="M51 37 37 51M51 51 37 37" style="fill:red"/></g></svg>"`;

exports[`svgo optimizes svg 1`] = `"<svg xmlns="http://www.w3.org/2000/svg" width="88" height="88"><style>.prefix__shape{fill:red}</style><g id="prefix__Blocks" fill="none" fill-rule="evenodd" stroke="none" stroke-linecap="square" stroke-width="1" class="prefix__blocks"><g id="prefix__Dismiss" stroke="#063855" stroke-width="2"><path id="prefix__Shape" d="M51 37 37 51" class="prefix__shape"/><path d="M51 51 37 37" class="prefix__shape"/></g></g></svg>"`;

exports[`svgo supports \`config.svgoConfig\` 1`] = `"<svg xmlns="http://www.w3.org/2000/svg" width="88" height="88"><desc>Created with Sketch.</desc><style>.shape{fill:red}</style><g id="Blocks" fill="none" fill-rule="evenodd" stroke="none" stroke-linecap="square" stroke-width="1" class="blocks"><g id="Dismiss" stroke="#063855" stroke-width="2"><path id="Shape" d="M51 37 37 51" class="shape"/><path d="M51 51 37 37" class="shape"/></g></g></svg>"`;

exports[`svgo uses \`state.filePath\` to detect configuration 1`] = `"<svg xmlns="http://www.w3.org/2000/svg" width="88" height="88"><style>.svgo__shape{fill:red}</style><g id="svgo__Blocks" fill="none" fill-rule="evenodd" stroke="none" stroke-linecap="square" stroke-width="1" class="svgo__blocks"><g id="svgo__Dismiss" stroke="#063855" stroke-width="2"><path id="svgo__Shape" d="M51 37 37 51" class="svgo__shape"/><path d="M51 51 37 37" class="svgo__shape"/></g></g></svg>"`;
