// Jest Snapshot v1, https://goo.gl/fbAQLP

exports[`svgo disables id prefixing using svgo config 1`] = `"<svg width=\\"88\\" height=\\"88\\" viewBox=\\"0 0 88 88\\" xmlns=\\"http://www.w3.org/2000/svg\\"><g id=\\"Blocks\\" class=\\"blocks\\" stroke=\\"none\\" stroke-width=\\"1\\" fill=\\"none\\" fill-rule=\\"evenodd\\" stroke-linecap=\\"square\\"><g id=\\"Dismiss\\" stroke=\\"#063855\\" stroke-width=\\"2\\"><path d=\\"M51 37 37 51\\" id=\\"Shape\\"/><path d=\\"M51 51 37 37\\"/><style></style></g></g></svg>"`;

exports[`svgo does not load runtime configuration with \`runtimeConfig: false\` 1`] = `"<svg width=\\"88\\" height=\\"88\\" xmlns=\\"http://www.w3.org/2000/svg\\"><g id=\\"svgo__Blocks\\" class=\\"svgo__blocks\\" stroke=\\"none\\" stroke-width=\\"1\\" fill=\\"none\\" fill-rule=\\"evenodd\\" stroke-linecap=\\"square\\"><g id=\\"svgo__Dismiss\\" stroke=\\"#063855\\" stroke-width=\\"2\\"><path d=\\"M51 37 37 51\\" id=\\"svgo__Shape\\"/><path d=\\"M51 51 37 37\\"/><style></style></g></g></svg>"`;

exports[`svgo does not remove viewBox with \`icon\` option 1`] = `"<svg width=\\"88\\" height=\\"88\\" viewBox=\\"0 0 88 88\\" xmlns=\\"http://www.w3.org/2000/svg\\"><g id=\\"svgo__Blocks\\" class=\\"svgo__blocks\\" stroke=\\"none\\" stroke-width=\\"1\\" fill=\\"none\\" fill-rule=\\"evenodd\\" stroke-linecap=\\"square\\"><g id=\\"svgo__Dismiss\\" stroke=\\"#063855\\" stroke-width=\\"2\\"><path d=\\"M51 37 37 51\\" id=\\"svgo__Shape\\"/><path d=\\"M51 51 37 37\\"/><style></style></g></g></svg>"`;

exports[`svgo does not remove viewBox with when \`dimensions\` is false 1`] = `"<svg width=\\"88\\" height=\\"88\\" viewBox=\\"0 0 88 88\\" xmlns=\\"http://www.w3.org/2000/svg\\"><g id=\\"svgo__Blocks\\" class=\\"svgo__blocks\\" stroke=\\"none\\" stroke-width=\\"1\\" fill=\\"none\\" fill-rule=\\"evenodd\\" stroke-linecap=\\"square\\"><g id=\\"svgo__Dismiss\\" stroke=\\"#063855\\" stroke-width=\\"2\\"><path d=\\"M51 37 37 51\\" id=\\"svgo__Shape\\"/><path d=\\"M51 51 37 37\\"/><style></style></g></g></svg>"`;

exports[`svgo is possible to enable id prefixing as the only optimization 1`] = `"<?xml version=\\"1.0\\" encoding=\\"UTF-8\\"?><svg width=\\"88px\\" height=\\"88px\\" viewBox=\\"0 0 88 88\\" version=\\"1.1\\" xmlns=\\"http://www.w3.org/2000/svg\\" xmlns:xlink=\\"http://www.w3.org/1999/xlink\\"><!--Generator: Sketch 46.2 (44496) - http://www.bohemiancoding.com/sketch--><title>Dismiss</title><desc>Created with Sketch.</desc><defs/><g id=\\"svgo__Blocks\\" class=\\"blocks\\" stroke=\\"none\\" stroke-width=\\"1\\" fill=\\"none\\" fill-rule=\\"evenodd\\" stroke-linecap=\\"square\\"><g id=\\"svgo__Dismiss\\" stroke=\\"#063855\\" stroke-width=\\"2\\"><path d=\\"M51,37 L37,51\\" id=\\"svgo__Shape\\"/><path d=\\"M51,51 L37,37\\" id=\\"svgo__Shape\\"/><style>#svgo__Shape{}</style></g></g></svg>"`;

exports[`svgo optimizes svg 1`] = `"<svg width=\\"88\\" height=\\"88\\" xmlns=\\"http://www.w3.org/2000/svg\\"><g id=\\"prefix__Blocks\\" class=\\"prefix__blocks\\" stroke=\\"none\\" stroke-width=\\"1\\" fill=\\"none\\" fill-rule=\\"evenodd\\" stroke-linecap=\\"square\\"><g id=\\"prefix__Dismiss\\" stroke=\\"#063855\\" stroke-width=\\"2\\"><path d=\\"M51 37 37 51\\" id=\\"prefix__Shape\\"/><path d=\\"M51 51 37 37\\"/><style></style></g></g></svg>"`;

exports[`svgo supports \`config.icon\` with \`config.svgoConfig\` plugins 1`] = `"<svg width=\\"88\\" height=\\"88\\" viewBox=\\"0 0 88 88\\" xmlns=\\"http://www.w3.org/2000/svg\\"><desc>Created with Sketch.</desc><g id=\\"prefix__Blocks\\" class=\\"prefix__blocks\\" stroke=\\"none\\" stroke-width=\\"1\\" fill=\\"none\\" fill-rule=\\"evenodd\\" stroke-linecap=\\"square\\"><g id=\\"prefix__Dismiss\\" stroke=\\"#063855\\" stroke-width=\\"2\\"><path d=\\"M51 37 37 51\\" id=\\"prefix__Shape\\"/><path d=\\"M51 51 37 37\\"/><style></style></g></g></svg>"`;

exports[`svgo supports \`config.svgoConfig.multipass\` 1`] = `"<svg width=\\"88\\" height=\\"88\\" xmlns=\\"http://www.w3.org/2000/svg\\"><path d=\\"M51 37 37 51m14 0L37 37\\" stroke=\\"#063855\\" stroke-width=\\"2\\" class=\\"prefix__blocks\\" fill=\\"none\\" stroke-linecap=\\"square\\"/></svg>"`;

exports[`svgo supports \`config.svgoConfig\` 1`] = `"<svg width=\\"88\\" height=\\"88\\" xmlns=\\"http://www.w3.org/2000/svg\\"><desc>Created with Sketch.</desc><g id=\\"prefix__Blocks\\" class=\\"prefix__blocks\\" stroke=\\"none\\" stroke-width=\\"1\\" fill=\\"none\\" fill-rule=\\"evenodd\\" stroke-linecap=\\"square\\"><g id=\\"prefix__Dismiss\\" stroke=\\"#063855\\" stroke-width=\\"2\\"><path d=\\"M51 37 37 51\\" id=\\"prefix__Shape\\"/><path d=\\"M51 51 37 37\\"/><style></style></g></g></svg>"`;

exports[`svgo users \`state.filePath\` to detect configuration 1`] = `"<svg width=\\"88\\" height=\\"88\\" xmlns=\\"http://www.w3.org/2000/svg\\"><g id=\\"svgo__Blocks\\" class=\\"svgo__blocks\\" stroke=\\"none\\" stroke-width=\\"1\\" fill=\\"none\\" fill-rule=\\"evenodd\\" stroke-linecap=\\"square\\"><g id=\\"svgo__Dismiss\\" stroke=\\"#063855\\" stroke-width=\\"2\\"><path d=\\"M51 37 37 51\\" id=\\"svgo__Shape\\"/><path d=\\"M51 51 37 37\\"/><style></style></g></g></svg>"`;
