// Jest Snapshot v1, https://goo.gl/fbAQLP

exports[`rollup loader should convert file 1`] = `
"function _extends() { _extends = Object.assign || function (target) { for (var i = 1; i < arguments.length; i++) { var source = arguments[i]; for (var key in source) { if (Object.prototype.hasOwnProperty.call(source, key)) { target[key] = source[key]; } } } return target; }; return _extends.apply(this, arguments); }

import React from 'react';

var _ref =
/*#__PURE__*/
React.createElement(\\"path\\", {
  d: \\"M0 0h48v1H0z\\",
  fill: \\"#063855\\",
  fillRule: \\"evenodd\\"
});

var SvgComponent = function SvgComponent(props) {
  return React.createElement(\\"svg\\", _extends({
    width: 48,
    height: 1
  }, props), _ref);
};

export default SvgComponent;"
`;

exports[`rollup loader should convert file with previousExport of image plugin 1`] = `
"import React from 'react'

const SvgComponent = props => (
  <svg width={48} height={1} {...props}>
    <path d=\\"M0 0h48v1H0z\\" fill=\\"#063855\\" fillRule=\\"evenodd\\" />
  </svg>
)

var img = new Image()
img.src =
  'data:image/svg+xml;base64,PD94bWwgdmVyc2lvbj0iMS4wIiBlbmNvZGluZz0iVVRGLTgiPz4KPHN2ZyB3aWR0aD0iNDhweCIgaGVpZ2h0PSIxcHgiIHZpZXdCb3g9IjAgMCA0OCAxIiB2ZXJzaW9uPSIxLjEiIHhtbG5zPSJodHRwOi8vd3d3LnczLm9yZy8yMDAwL3N2ZyIgeG1sbnM6eGxpbms9Imh0dHA6Ly93d3cudzMub3JnLzE5OTkveGxpbmsiPgogICAgPCEtLSBHZW5lcmF0b3I6IFNrZXRjaCA0Ni4yICg0NDQ5NikgLSBodHRwOi8vd3d3LmJvaGVtaWFuY29kaW5nLmNvbS9za2V0Y2ggLS0+CiAgICA8dGl0bGU+UmVjdGFuZ2xlIDU8L3RpdGxlPgogICAgPGRlc2M+Q3JlYXRlZCB3aXRoIFNrZXRjaC48L2Rlc2M+CiAgICA8ZGVmcz48L2RlZnM+CiAgICA8ZyBpZD0iUGFnZS0xIiBzdHJva2U9Im5vbmUiIHN0cm9rZS13aWR0aD0iMSIgZmlsbD0ibm9uZSIgZmlsbC1ydWxlPSJldmVub2RkIj4KICAgICAgICA8ZyBpZD0iMTktU2VwYXJhdG9yIiB0cmFuc2Zvcm09InRyYW5zbGF0ZSgtMTI5LjAwMDAwMCwgLTE1Ni4wMDAwMDApIiBmaWxsPSIjMDYzODU1Ij4KICAgICAgICAgICAgPGcgaWQ9IkNvbnRyb2xzL1NldHRpbmdzIiB0cmFuc2Zvcm09InRyYW5zbGF0ZSg4MC4wMDAwMDAsIDAuMDAwMDAwKSI+CiAgICAgICAgICAgICAgICA8ZyBpZD0iQ29udGVudCIgdHJhbnNmb3JtPSJ0cmFuc2xhdGUoMC4wMDAwMDAsIDY0LjAwMDAwMCkiPgogICAgICAgICAgICAgICAgICAgIDxnIGlkPSJHcm91cCIgdHJhbnNmb3JtPSJ0cmFuc2xhdGUoMjQuMDAwMDAwLCA1Ni4wMDAwMDApIj4KICAgICAgICAgICAgICAgICAgICAgICAgPGcgaWQ9Ikdyb3VwLTIiPgogICAgICAgICAgICAgICAgICAgICAgICAgICAgPHJlY3QgaWQ9IlJlY3RhbmdsZS01IiB4PSIyNSIgeT0iMzYiIHdpZHRoPSI0OCIgaGVpZ2h0PSIxIj48L3JlY3Q+CiAgICAgICAgICAgICAgICAgICAgICAgIDwvZz4KICAgICAgICAgICAgICAgICAgICA8L2c+CiAgICAgICAgICAgICAgICA8L2c+CiAgICAgICAgICAgIDwvZz4KICAgICAgICA8L2c+CiAgICA8L2c+Cjwvc3ZnPg=='
export default img
export { SvgComponent as ReactComponent }
"
`;

exports[`rollup loader should convert file with previousExport of url plugin 1`] = `
"import React from 'react'

const SvgComponent = props => (
  <svg width={48} height={1} {...props}>
    <path d=\\"M0 0h48v1H0z\\" fill=\\"#063855\\" fillRule=\\"evenodd\\" />
  </svg>
)

export default 'data:image/svg+xml,%3C%3Fxml%20version%3D%221.0%22%20encoding%3D%22UTF-8%22%3F%3E%3Csvg%20width%3D%2248px%22%20height%3D%221px%22%20viewBox%3D%220%200%2048%201%22%20version%3D%221.1%22%20xmlns%3D%22http%3A%2F%2Fwww.w3.org%2F2000%2Fsvg%22%20xmlns%3Axlink%3D%22http%3A%2F%2Fwww.w3.org%2F1999%2Fxlink%22%3E%20%20%20%20%20%20%20%20%3Ctitle%3ERectangle%205%3C%2Ftitle%3E%20%20%20%20%3Cdesc%3ECreated%20with%20Sketch.%3C%2Fdesc%3E%20%20%20%20%3Cdefs%3E%3C%2Fdefs%3E%20%20%20%20%3Cg%20id%3D%22Page-1%22%20stroke%3D%22none%22%20stroke-width%3D%221%22%20fill%3D%22none%22%20fill-rule%3D%22evenodd%22%3E%20%20%20%20%20%20%20%20%3Cg%20id%3D%2219-Separator%22%20transform%3D%22translate%28-129.000000%2C%20-156.000000%29%22%20fill%3D%22%23063855%22%3E%20%20%20%20%20%20%20%20%20%20%20%20%3Cg%20id%3D%22Controls%2FSettings%22%20transform%3D%22translate%2880.000000%2C%200.000000%29%22%3E%20%20%20%20%20%20%20%20%20%20%20%20%20%20%20%20%3Cg%20id%3D%22Content%22%20transform%3D%22translate%280.000000%2C%2064.000000%29%22%3E%20%20%20%20%20%20%20%20%20%20%20%20%20%20%20%20%20%20%20%20%3Cg%20id%3D%22Group%22%20transform%3D%22translate%2824.000000%2C%2056.000000%29%22%3E%20%20%20%20%20%20%20%20%20%20%20%20%20%20%20%20%20%20%20%20%20%20%20%20%3Cg%20id%3D%22Group-2%22%3E%20%20%20%20%20%20%20%20%20%20%20%20%20%20%20%20%20%20%20%20%20%20%20%20%20%20%20%20%3Crect%20id%3D%22Rectangle-5%22%20x%3D%2225%22%20y%3D%2236%22%20width%3D%2248%22%20height%3D%221%22%3E%3C%2Frect%3E%20%20%20%20%20%20%20%20%20%20%20%20%20%20%20%20%20%20%20%20%20%20%20%20%3C%2Fg%3E%20%20%20%20%20%20%20%20%20%20%20%20%20%20%20%20%20%20%20%20%3C%2Fg%3E%20%20%20%20%20%20%20%20%20%20%20%20%20%20%20%20%3C%2Fg%3E%20%20%20%20%20%20%20%20%20%20%20%20%3C%2Fg%3E%20%20%20%20%20%20%20%20%3C%2Fg%3E%20%20%20%20%3C%2Fg%3E%3C%2Fsvg%3E'
export { SvgComponent as ReactComponent }
"
`;

exports[`rollup loader should convert file without babel 1`] = `
"import React from 'react'

const SvgComponent = props => (
  <svg width={48} height={1} {...props}>
    <path d=\\"M0 0h48v1H0z\\" fill=\\"#063855\\" fillRule=\\"evenodd\\" />
  </svg>
)

export default SvgComponent
"
`;
