// Jest Snapshot v1, https://goo.gl/fbAQLP

exports[`removeDimensions should remove width and height 1`] = `
"<svg>
  <g stroke=\\"#063855\\" strokeWidth={2} />
</svg>
"
`;
