// Jest Snapshot v1, https://goo.gl/fbAQLP

exports[`replaceAttrValues should replace an attribute value by another 1`] = `
"<svg>
  <g stroke=\\"currentColor\\" strokeWidth={2}>
    <path d=\\"M51,37 L37,51\\" id=\\"Shape\\" />
  </g>
</svg>
"
`;
