// Jest Snapshot v1, https://goo.gl/fbAQLP

exports[`stripAttribute should remove an attribute 1`] = `
"<svg>
  <g stroke=\\"#063855\\" strokeWidth={2}>
    <path d=\\"M51,37 L37,51\\" />
  </g>
</svg>
"
`;
