// Jest Snapshot v1, https://goo.gl/fbAQLP

exports[`titleProp should add title element to svg 1`] = `
"<svg>
  <title>
    {title}
  </title>
  <path d=\\"M51,37 L37,51\\" id=\\"Shape\\" />
</svg>
"
`;

exports[`titleProp should remove old title and add the new title 1`] = `
"<svg>
  <title>
    {title}
  </title>
  <path d=\\"M51,37 L37,51\\" id=\\"Shape\\" />
</svg>
"
`;
