// Jest Snapshot v1, https://goo.gl/fbAQLP

exports[`parcel plugin should convert file 1`] = `
Array [
  Object {
    "js": "\\"use strict\\";

Object.defineProperty(exports, \\"__esModule\\", {
  value: true
});
exports.default = void 0;

var _react = _interopRequireDefault(require(\\"react\\"));

function _interopRequireDefault(obj) { return obj && obj.__esModule ? obj : { default: obj }; }

function _extends() {
  _extends = Object.assign || function (target) {
    for (var i = 1; i < arguments.length; i++) {
      var source = arguments[i];

      for (var key in source) {
        if (Object.prototype.hasOwnProperty.call(source, key)) {
          target[key] = source[key];
        }
      }
    }

    return target;
  };

  return _extends.apply(this, arguments);
}

var _ref =
/*#__PURE__*/
_react.default.createElement(\\"g\\", {
  stroke: \\"#063855\\",
  strokeWidth: 2,
  fill: \\"none\\",
  fillRule: \\"evenodd\\",
  strokeLinecap: \\"square\\"
}, _react.default.createElement(\\"path\\", {
  d: \\"M51 37L37 51M51 51L37 37\\"
}));

var SvgIcon = function SvgIcon(props) {
  return _react.default.createElement(\\"svg\\", _extends({
    width: 88,
    height: 88
  }, props), _ref);
};

var _default = SvgIcon;
exports.default = _default;",
    "map": undefined,
  },
]
`;
